This is the [song that never ends].  It goes on and on my friend.

This song [annoys many people].  It drives me to [madness](https://en.wiktionary.org/wiki/madness).

[annoys many people]: https://en.wikipedia.org/wiki/SpongeBob%27s_Greatest_Hits
[song that never ends]: https://en.wikipedia.org/wiki/The_Song_That_Doesn%27t_End

## The Problem

It is really fucking [repetitious].

I dislike [song that never ends].

The [madness](https://en.wiktionary.org/wiki/apoplectic) is unbearable.

[repetitious]: https://en.wiktionary.org/wiki/repetitious
